[backblue.gif]
[fade.gif]
[index.html]
[demo.2xgain.info/public/mtheme1/assets2/img/jubblion.png]
[demo.2xgain.info/public/mtheme1/assets2/img/deooo.mp4]
[demo.2xgain.info/public/mtheme1/assets2/img/permid.png]
[demo.2xgain.info/public/mtheme1/assets2/img/side6.jpeg]
[demo.2xgain.info/public/mtheme1/assets2/img/side8.png]
[demo.2xgain.info/public/mtheme1/assets2/img/link2.png]
[demo.2xgain.info/public/mtheme1/assets2/img/link3.png]
[demo.2xgain.info/public/mtheme1/assets2/img/link4.png]
[demo.2xgain.info/public/mtheme1/assets2/img/feature/fea-color-sp.png]
[demo.2xgain.info/public/mtheme1/assets2/img/mappp-C_SiecdD.png]
[demo.2xgain.info/public/mtheme1/assets2/img/p1.png]
[demo.2xgain.info/public/mtheme1/assets2/img/p2.png]
[demo.2xgain.info/public/mtheme1/assets2/img/p3.png]
[demo.2xgain.info/public/mtheme1/assets2/img/p4.png]
[demo.2xgain.info/public/mtheme1/assets2/img/p5.png]
[demo.2xgain.info/public/mtheme1/assets2/img/p6.png]
[demo.2xgain.info/index.html]
[cdn.jsdelivr.net/npm/@tabler/icons-webfont@latest/fonts/tabler-icons8d6f.eot]
[cdn.jsdelivr.net/npm/@tabler/icons-webfont@latest/fonts/tabler-icons8d6f.woff2]
[cdn.jsdelivr.net/npm/@tabler/icons-webfont@latest/fonts/tabler-iconsd41d.woff]
[cdn.jsdelivr.net/npm/@tabler/icons-webfont@latest/fonts/tabler-iconsd41d.eot]
[cdn.jsdelivr.net/npm/@tabler/icons-webfont@latest/tabler-icons.min.css]
[demo.2xgain.info/public/mtheme1/assets2/css/bootstrap.min.css]
[cdn.jsdelivr.net/npm/@tabler/icons-webfont@latest/fonts/tabler-icons8d6f.ttf]
[demo.2xgain.info/public/mtheme1/assets2/css/fontawesome.css]
[demo.2xgain.info/public/mtheme1/assets2/css/animate.css]
[demo.2xgain.info/public/mtheme1/assets2/css/swiper.min.css]
[demo.2xgain.info/public/mtheme1/assets2/css/odometer.css]
[demo.2xgain.info/public/mtheme1/assets2/css/magnific-popup.css]
[demo.2xgain.info/public/mtheme1/assets2/img/shape/prc_line.png]
[demo.2xgain.info/public/mtheme1/assets2/css/main.css]
[cdnjs.cloudflare.com/ajax/libs/font-awesome/6.4.0/css/all.min.css]
[cdnjs.cloudflare.com/ajax/libs/font-awesome/4.7.0/css/font-awesome.min.css]
[demo.2xgain.info/build/assets/Inter-roman.var-C-r5W2Hj3535.woff2]
[demo.2xgain.info/build/assets/Inter-italic.var-DhD-tpjY3535.woff2]
[demo.2xgain.info/build/assets/primeicons-DMOk5skT.eot]
[demo.2xgain.info/build/assets/primeicons-DMOk5skTd41d.eot]
[demo.2xgain.info/build/assets/primeicons-C6QP2o4f.woff2]
[demo.2xgain.info/public/build/assets/app-v3u5CJ1u.css]
[demo.2xgain.info/public/build/assets/app-Her3R83I.js]
[demo.2xgain.info/login.html]
[demo.2xgain.info/public/mtheme1/assets2/img/bg/-bg1.html]
[demo.2xgain.info/public/mtheme1/assets2/img/shape/hero-sp_01.svg]
[demo.2xgain.info/public/mtheme1/assets2/img/shape/hero-sp_03.svg]
[demo.2xgain.info/public/mtheme1/assets2/img/shape/hero-sp_05.svg]
[demo.2xgain.info/public/mtheme1/assets2/img/shape/hero-sp_06.svg]
[demo.2xgain.info/public/mtheme1/assets2/img/bg/-bg.html]
[demo.2xgain.info/register.html]
[demo.2xgain.info/public/mtheme1/assets2/img/icon/discord-f-icon.svg]
[demo.2xgain.info/public/mtheme1/assets2/img/shape/team-sp_01.svg]
[demo.2xgain.info/public/mtheme1/assets2/img/shape/team-sp_02.svg]
[translate.google.com/translate_a/elementa0d8.js]
[demo.2xgain.info/public/mtheme1/assets2/js/jquery-3.7.1.min.js]
[demo.2xgain.info/public/mtheme1/assets2/js/bootstrap.bundle.min.js]
[demo.2xgain.info/public/mtheme1/assets2/js/swiper.min.js]
[demo.2xgain.info/public/mtheme1/assets2/js/wow.min.js]
[demo.2xgain.info/public/mtheme1/assets2/js/appear.js]
[demo.2xgain.info/public/mtheme1/assets2/js/odometer.min.js]
[demo.2xgain.info/public/mtheme1/assets2/js/jquery.magnific-popup.min.js]
[demo.2xgain.info/public/mtheme1/assets2/js/easing.min.js]
[demo.2xgain.info/public/mtheme1/assets2/js/scrollspy.js]
[demo.2xgain.info/public/mtheme1/assets2/js/countdown.js]
[demo.2xgain.info/public/mtheme1/assets2/js/parallax-scroll.js]
[demo.2xgain.info/public/mtheme1/assets2/js/main.js]
[demo.2xgain.info/public/mtheme1/assets2/fonts/fa-brands-400.ttf]
[demo.2xgain.info/public/mtheme1/assets2/fonts/fa-light-300.ttf]
[demo.2xgain.info/public/mtheme1/assets2/fonts/fa-regular-400.ttf]
[demo.2xgain.info/public/mtheme1/assets2/fonts/fa-solid-900.ttf]
[demo.2xgain.info/public/mtheme1/assets2/img/icon/select-arrow.html]
[demo.2xgain.info/public/mtheme1/assets2/img/feature/fea-count-shape1.html]
[demo.2xgain.info/public/mtheme1/assets2/img/testimonial/tes-qutation.html]
[demo.2xgain.info/public/mtheme1/assets2/img/shape/post_shape.html]
[demo.2xgain.info/public/mtheme1/assets2/img/shape/widget_bg.html]
[demo.2xgain.info/public/mtheme1/assets2/img/shape/quote_bg.html]
[demo.2xgain.info/public/mtheme1/assets2/img/shape/form_bg.html]
[demo.2xgain.info/public/mtheme1/assets2/img/shape/c_info_bg.html]
[demo.2xgain.info/public/mtheme1/assets2/img/shape/icon_bg.html]
[demo.2xgain.info/build/assets/primeicons-WjwUDZjB.woff]
[demo.2xgain.info/build/assets/primeicons-MpK4pl85.ttf]
[demo.2xgain.info/build/assets/primeicons-Dr5RGzOOd41d.svg]
[demo.2xgain.info/assets/GuestLayout-BC85m9aw.html]
[demo.2xgain.info/assets/ApplicationLogo-B8UPqk1B.html]
[demo.2xgain.info/assets/_plugin-vue_export-helper-DlAUqK2U.html]
[demo.2xgain.info/assets/InputError-q-plw_v_.html]
[demo.2xgain.info/assets/InputLabel-BjXORHdT.html]
[demo.2xgain.info/assets/PrimaryButton-BM-sqrnM.html]
[demo.2xgain.info/assets/TextInput-D2-r_9Ar.html]
[demo.2xgain.info/assets/ForgotPassword-DluY-Q5n.html]
[demo.2xgain.info/assets/Login-BcNaLgas.html]
[demo.2xgain.info/assets/axtt-l24JN_wu.html]
[demo.2xgain.info/assets/ripple.esm-BFXY1LLd.html]
[demo.2xgain.info/assets/dropdownstyle.esm-BwjRLIAQ.html]
[demo.2xgain.info/assets/portal.esm-mPf6wXut.html]
[demo.2xgain.info/assets/index.esm-DL-gHuIz.html]
[demo.2xgain.info/assets/Login-DdXi3T3B.html]
[demo.2xgain.info/assets/Login_matez-DyDkevrC.html]
[demo.2xgain.info/assets/Login_matez-P8kX9f2q.html]
[demo.2xgain.info/assets/Login_new-DxUqFbXL.html]
[demo.2xgain.info/assets/Login_new-CWg5r3HD.html]
[demo.2xgain.info/assets/Register-B_pBqBCZ.html]
[demo.2xgain.info/assets/ResetPassword-BjUw5jv2.html]
[demo.2xgain.info/assets/VerifyEmail-9myFHuLK.html]
[demo.2xgain.info/assets/Check-CJZG5NC5.html]
[demo.2xgain.info/assets/dashboard-DtFOpWcs.html]
[demo.2xgain.info/assets/Check-CL5EwDxy.html]
[demo.2xgain.info/assets/Dashboard-D4dg6IFI.html]
[demo.2xgain.info/assets/Layout-DOU19han.html]
[demo.2xgain.info/assets/Layout-4rt5cmjJ.html]
[demo.2xgain.info/assets/moment-C5S46NFB.html]
[demo.2xgain.info/assets/Reward.vue_vue_type_style_index_0_lang-DOuEC46K.html]
[demo.2xgain.info/assets/Reward-lvM7eDxw.html]
[demo.2xgain.info/assets/inputnumberstyle.esm-BRanoDcH.html]
[demo.2xgain.info/assets/Loader-cEKLlAJM.html]
[demo.2xgain.info/assets/Loader-DGd1sQ3Q.html]
[demo.2xgain.info/assets/sweetalert2.esm.all-C80wueXW.html]
[demo.2xgain.info/assets/Reward-BrzuR6TO.html]
[demo.2xgain.info/assets/Error-CKV9Prvc.html]
[demo.2xgain.info/assets/Error-DMD3vPi_.html]
[demo.2xgain.info/assets/Dashboard-C6V3y-kh.html]
[demo.2xgain.info/assets/Referral-y6_aUNzP.html]
[demo.2xgain.info/assets/ProfileCover-CSWgxBGh.html]
[demo.2xgain.info/assets/Topup-B0-Md4M7.html]
[demo.2xgain.info/assets/Withdraw-BpQ0TP6K.html]
[demo.2xgain.info/assets/Orders-CEnQymc0.html]
[demo.2xgain.info/assets/Dashboard_old-GTtAkblE.html]
[demo.2xgain.info/assets/Layout-BexT9_fF.html]
[demo.2xgain.info/assets/Layout-lQTQ5LPO.html]
[demo.2xgain.info/assets/ProfileCover-BLyG7dtu.html]
[demo.2xgain.info/assets/Dashboard_old-3c9vTCbX.html]
[demo.2xgain.info/assets/Dashboard_working-BNeWIQa3.html]
[demo.2xgain.info/assets/Support-CVd_aCTd.html]
[demo.2xgain.info/assets/Support-_o1NdLyv.html]
[demo.2xgain.info/assets/Dashboard_working-0PWnc0Ua.html]
[demo.2xgain.info/assets/Edit-mGYB2DzN.html]
[demo.2xgain.info/assets/DeleteUserForm-BzptskvQ.html]
[demo.2xgain.info/assets/UpdatePasswordForm-BBCY_03x.html]
[demo.2xgain.info/assets/UpdateProfileInformationForm-CHcHKUz8.html]
[demo.2xgain.info/assets/Bonanza-FK3Xko-n.html]
[demo.2xgain.info/assets/Bonanza-scKHGX2H.html]
[demo.2xgain.info/assets/Bonanza2-b6XjlXCq.html]
[demo.2xgain.info/assets/Bonanza2-CRwvmW5S.html]
[demo.2xgain.info/assets/AchievementClaim-C9jEtpSD.html]
[demo.2xgain.info/assets/StakeClaim-DKPx5G54.html]
[demo.2xgain.info/assets/StakeClaim-Dn9ushJo.html]
[demo.2xgain.info/assets/TeamStakingClaim-CT6qMnI6.html]
[demo.2xgain.info/assets/Dashboard-D2Aq6qum.html]
[demo.2xgain.info/assets/Dashboard-_6SKXiM6.html]
[demo.2xgain.info/assets/Direct-BbDJU_eY.html]
[demo.2xgain.info/assets/Direct-Cj-CYMcw.html]
[demo.2xgain.info/assets/Generation-DrkDzvlS.html]
[demo.2xgain.info/assets/Generation-B7H3KyG5.html]
[demo.2xgain.info/assets/Income-DlIJWEpf.html]
[demo.2xgain.info/assets/Income-DVGoah0r.html]
[demo.2xgain.info/assets/LevelView-BBpjdwz7.html]
[demo.2xgain.info/assets/LevelView-B95ZUrji.html]
[demo.2xgain.info/assets/News-CE28Hnxj.html]
[demo.2xgain.info/assets/Order-BQtz_ZCC.html]
[demo.2xgain.info/assets/Orders-BLqC3hZQ.html]
[demo.2xgain.info/assets/Profile-tn0RQdqM.html]
[demo.2xgain.info/assets/PayoutsReports-mSoz7-7c.html]
[demo.2xgain.info/assets/Profile-B6phRp-R.html]
[demo.2xgain.info/assets/Rewards-CeI1VR1f.html]
[demo.2xgain.info/assets/Rewards-BvP-lfeS.html]
[demo.2xgain.info/assets/StakeHistory-DMUaDLHx.html]
[demo.2xgain.info/assets/Support-Ca8F3gOA.html]
[demo.2xgain.info/assets/Support-uMxNDVCV.html]
[demo.2xgain.info/assets/Upgrade-BtSY_32W.html]
[demo.2xgain.info/assets/Upgrade-Dw3m3y0e.html]
[demo.2xgain.info/assets/Withdraw-DblKLrGC.html]
[demo.2xgain.info/assets/WithdrawHistory-BmMv_VuO.html]
[demo.2xgain.info/assets/Welcome-Cyu5nmt4.html]
[demo.2xgain.info/public/build/assets/secp256k1-CwwaNSQK.js]
[demo.2xgain.info/public/build/assets/ccip-CSP4lO-e.js]
[demo.2xgain.info/M3.94 1.04a1 1 0 0 1 .7 1.23l-.48 1.68a5.85.html]
[demo.2xgain.info/m14.36 4.74.01.42c0 4.34-3.3 9.34-9.34 9.34.html]
[demo.2xgain.info/path/to/image.html]
[demo.2xgain.info/public/build/assets/index-BcSqXbF0.js]
[demo.2xgain.info/Account.html]
[demo.2xgain.info/public/build/assets/ConfirmPassword-C0DZZbGS.js]
[demo.2xgain.info/public/build/assets/ForgotPassword-DluY-Q5n.js]
[demo.2xgain.info/public/build/assets/Login-BcNaLgas.js]
[demo.2xgain.info/public/build/assets/Login_matez-DyDkevrC.js]
[demo.2xgain.info/public/build/assets/Login_new-DxUqFbXL.js]
[demo.2xgain.info/public/build/assets/Register-B_pBqBCZ.js]
[demo.2xgain.info/public/build/assets/ResetPassword-BjUw5jv2.js]
[demo.2xgain.info/public/build/assets/VerifyEmail-9myFHuLK.js]
[demo.2xgain.info/public/build/assets/Check-CJZG5NC5.js]
[demo.2xgain.info/public/build/assets/Dashboard-D4dg6IFI.js]
[demo.2xgain.info/build/assets/star-DbcVGjCw.png]
[demo.2xgain.info/build/assets/bnbBusd-C08L14QT.png]
[demo.2xgain.info/build/assets/ewallet4-D7fu1HbV.png]
[demo.2xgain.info/public/build/assets/Dashboard_old-GTtAkblE.js]
[demo.2xgain.info/build/assets/userimg-NK4nsSo2.png]
[demo.2xgain.info/build/assets/dollor_v-DKEyrLOU.png]
[demo.2xgain.info/build/assets/totl-BaYI6gkx.png]
[demo.2xgain.info/build/assets/teamwork-MfhKHyRl.png]
[demo.2xgain.info/build/assets/totalteam-CcCJTGAO.png]
[demo.2xgain.info/public/build/assets/Dashboard_working-BNeWIQa3.js]
[demo.2xgain.info/public/build/assets/Edit-mGYB2DzN.js]
[demo.2xgain.info/public/build/assets/DeleteUserForm-BzptskvQ.js]
[demo.2xgain.info/public/build/assets/UpdatePasswordForm-BBCY_03x.js]
[demo.2xgain.info/public/build/assets/UpdateProfileInformationForm-CHcHKUz8.js]
[demo.2xgain.info/public/build/assets/Bonanza-FK3Xko-n.js]
[demo.2xgain.info/build/assets/golden2-CmcrO31h.png]
[demo.2xgain.info/public/build/assets/Bonanza2-b6XjlXCq.js]
[demo.2xgain.info/public/build/assets/AchievementClaim-C9jEtpSD.js]
[demo.2xgain.info/public/build/assets/StakeClaim-DKPx5G54.js]
[demo.2xgain.info/public/build/assets/TeamStakingClaim-CT6qMnI6.js]
[demo.2xgain.info/build/assets/logo-BVHWB9e9.png]
[demo.2xgain.info/build/assets/token-D4vD-WeG.png]
[demo.2xgain.info/build/assets/leafs-C6CzZUlc.png]
[demo.2xgain.info/build/assets/user-DSy4InkI.png]
[demo.2xgain.info/public/build/assets/Dashboard-D2Aq6qum.js]
[demo.2xgain.info/public/build/assets/Direct-BbDJU_eY.js]
[demo.2xgain.info/public/build/assets/Generation-DrkDzvlS.js]
[demo.2xgain.info/public/build/assets/Income-DlIJWEpf.js]
[demo.2xgain.info/public/build/assets/LevelView-BBpjdwz7.js]
[demo.2xgain.info/public/build/assets/News-CE28Hnxj.js]
[demo.2xgain.info/public/build/assets/Order-BQtz_ZCC.js]
[demo.2xgain.info/public/build/assets/Orders-BLqC3hZQ.js]
[demo.2xgain.info/public/build/assets/PayoutsReports-mSoz7-7c.js]
[demo.2xgain.info/public/build/assets/Profile-B6phRp-R.js]
[demo.2xgain.info/public/build/assets/Reward-BrzuR6TO.js]
[demo.2xgain.info/public/build/assets/Rewards-CeI1VR1f.js]
[demo.2xgain.info/public/build/assets/StakeHistory-DMUaDLHx.js]
[demo.2xgain.info/public/build/assets/Support-Ca8F3gOA.js]
[demo.2xgain.info/public/build/assets/Upgrade-BtSY_32W.js]
[demo.2xgain.info/public/build/assets/Withdraw-DblKLrGC.js]
[demo.2xgain.info/public/build/assets/WithdrawHistory-BmMv_VuO.js]
[demo.2xgain.info/public/build/assets/Welcome-Cyu5nmt4.js]
[demo.2xgain.info/public/build/assets/GuestLayout-BC85m9aw.js]
[demo.2xgain.info/public/build/assets/InputError-q-plw_v_.js]
[demo.2xgain.info/public/build/assets/InputLabel-BjXORHdT.js]
[demo.2xgain.info/public/build/assets/PrimaryButton-BM-sqrnM.js]
[demo.2xgain.info/public/build/assets/TextInput-D2-r_9Ar.js]
[demo.2xgain.info/public/build/assets/ApplicationLogo-B8UPqk1B.js]
[demo.2xgain.info/public/build/assets/_plugin-vue_export-helper-DlAUqK2U.js]
[demo.2xgain.info/public/build/assets/ConnectingSiwe.html]
[demo.2xgain.info/build/assets/axtt-D9g82oXO.png]
[demo.2xgain.info/public/build/assets/axtt-l24JN_wu.js]
[demo.2xgain.info/public/build/assets/ripple.esm-BFXY1LLd.js]
[demo.2xgain.info/public/build/assets/dropdownstyle.esm-BwjRLIAQ.js]
[demo.2xgain.info/public/build/assets/portal.esm-mPf6wXut.js]
[demo.2xgain.info/public/build/assets/index.esm-DL-gHuIz.js]
[demo.2xgain.info/public/build/assets/dashboard-DtFOpWcs.js]
[demo.2xgain.info/public/build/assets/index.html]
[demo.2xgain.info/public/build/assets/pages/ui-features/buttons.html]
[demo.2xgain.info/public/build/assets/pages/ui-features/dropdowns.html]
[demo.2xgain.info/public/build/assets/pages/ui-features/typography.html]
[demo.2xgain.info/public/build/assets/pages/forms/basic_elements.html]
[demo.2xgain.info/public/build/assets/pages/tables/basic-table.html]
[demo.2xgain.info/public/build/assets/pages/charts/chartjs.html]
[demo.2xgain.info/public/build/assets/pages/icons/font-awesome.html]
[demo.2xgain.info/public/build/assets/pages/samples/login.html]
[demo.2xgain.info/public/build/assets/pages/samples/register.html]
[demo.2xgain.info/public/build/assets/pages/samples/error-404.html]
[demo.2xgain.info/public/build/assets/pages/samples/error-500.html]
[demo.2xgain.info/public/build/assets/pages/samples/blank-page.html]
[demo.2xgain.info/public/build/assets/docs/documentation.html]
[demo.2xgain.info/build/assets/txn-CwicGTpi.png]
[demo.2xgain.info/public/build/assets/Layout-DOU19han.js]
[demo.2xgain.info/public/build/assets/moment-C5S46NFB.js]
[demo.2xgain.info/public/build/assets/Reward.vue_vue_type_style_index_0_lang-DOuEC46K.js]
[demo.2xgain.info/public/build/assets/inputnumberstyle.esm-BRanoDcH.js]
[demo.2xgain.info/public/build/assets/Loader-cEKLlAJM.js]
[demo.2xgain.info/public/build/assets/sweetalert2.esm.all-C80wueXW.js]
[demo.2xgain.info/public/build/assets/Error-CKV9Prvc.js]
[demo.2xgain.info/build/assets/user-g8XIt7bn.png]
[demo.2xgain.info/public/build/assets/Layout-BexT9_fF.js]
[demo.2xgain.info/public/build/assets/ProfileCover-BLyG7dtu.js]
[code.jquery.com/jquery-3.6.0.min.js]
[demo.2xgain.info/public/build/assets/Support-CVd_aCTd.js]
[kit.fontawesome.com/95a02bd20d.html]
[demo.2xgain.info/public/build/assets/logo.html]
[demo.2xgain.info/public/build/assets/global.html]
